src/components/ClinicalReports.tsx(7,3): error TS2305: Module '"lucide-react"' has no exported member 'QrCode'.
src/components/ClinicalReports.tsx(17,3): error TS2305: Module '"lucide-react"' has no exported member 'Microscope'.
src/components/ClinicalReports.tsx(18,3): error TS2305: Module '"lucide-react"' has no exported member 'Leaf'.
src/components/CoordenacaoMedica.tsx(10,3): error TS2305: Module '"lucide-react"' has no exported member 'Microscope'.
src/components/EduardoScheduling.tsx(8,3): error TS2305: Module '"lucide-react"' has no exported member 'DollarSign'.
src/components/EixoRotaRedirect.tsx(11,36): error TS2344: Type 'EixoRotaParams' does not satisfy the constraint 'string | Record<string, string | undefined>'.
  Type 'EixoRotaParams' is not assignable to type 'Record<string, string | undefined>'.
    Index signature for type 'string' is missing in type 'EixoRotaParams'.
src/components/EixoSelector.tsx(6,3): error TS2305: Module '"lucide-react"' has no exported member 'FlaskConical'.
src/components/KPIClinicosPersonalizados.tsx(26,3): error TS2305: Module '"lucide-react"' has no exported member 'Save'.
src/components/KPIDashboard.tsx(12,3): error TS2305: Module '"lucide-react"' has no exported member 'RefreshCw'.
src/components/Layout.tsx(100,7): error TS2367: This comparison appears to be unintentional because the types 'UserType | undefined' and '"unconfirmed"' have no overlap.
src/components/LoginDebugPanel.tsx(4,50): error TS2305: Module '"lucide-react"' has no exported member 'RefreshCw'.
src/components/MedicalRecord.tsx(10,3): error TS2305: Module '"lucide-react"' has no exported member 'Pill'.
src/components/MedicalRecord.tsx(18,3): error TS2305: Module '"lucide-react"' has no exported member 'Microscope'.
src/components/MedicalRecord.tsx(19,3): error TS2305: Module '"lucide-react"' has no exported member 'Leaf'.
src/components/MedicalRecord.tsx(29,3): error TS2724: '"lucide-react"' has no exported member named 'Unlock'. Did you mean 'Lock'?
src/components/MedicalRecord.tsx(30,3): error TS2305: Module '"lucide-react"' has no exported member 'QrCode'.
src/components/MedicalRecord.tsx(302,14): error TS2552: Cannot find name 'Users'. Did you mean 'user'?
src/components/MedicalRecord.tsx(533,42): error TS2304: Cannot find name 'QuickPrescriptions'.
src/components/Newsletter.tsx(5,3): error TS2305: Module '"lucide-react"' has no exported member 'ExternalLink'.
src/components/Newsletter.tsx(10,3): error TS2305: Module '"lucide-react"' has no exported member 'Microscope'.
src/components/NotificationCenter.tsx(7,26): error TS2305: Module '"lucide-react"' has no exported member 'CheckCheck'.
src/components/NotificationCenter.tsx(7,51): error TS2305: Module '"lucide-react"' has no exported member 'Info'.
src/components/NotificationCenter.tsx(9,69): error TS2307: Cannot find module '../services/notificationService' or its corresponding type declarations.
src/components/NotificationCenter.tsx(93,82): error TS7006: Parameter 'newNotification' implicitly has an 'any' type.
src/components/PatientImportModal.tsx(2,73): error TS2305: Module '"lucide-react"' has no exported member 'FileSpreadsheet'.
src/components/PatientImportModal.tsx(300,26): error TS2451: Cannot redeclare block-scoped variable 'profileError'.
src/components/PatientImportModal.tsx(324,16): error TS2551: Property 'catch' does not exist on type 'PostgrestFilterBuilder<any, any, any, any, "create_patient_user", null, "RPC">'. Did you mean 'match'?
src/components/PatientImportModal.tsx(336,26): error TS2451: Cannot redeclare block-scoped variable 'profileError'.
src/components/PatientImportModal.tsx(339,19): error TS2304: Cannot find name 'newUser'.
src/components/PatientImportModal.tsx(350,50): error TS2304: Cannot find name 'newUser'.
src/components/ProfessionalChatSystem.tsx(2,63): error TS2305: Module '"lucide-react"' has no exported member 'Wifi'.
src/components/ProfessionalChatSystem.tsx(2,69): error TS2305: Module '"lucide-react"' has no exported member 'WifiOff'.
src/components/QuickPrescriptions.tsx(9,3): error TS2305: Module '"lucide-react"' has no exported member 'Pill'.
src/components/QuickPrescriptions.tsx(10,3): error TS2305: Module '"lucide-react"' has no exported member 'Droplets'.
src/components/ResponsibilityTransfer.tsx(2,65): error TS2305: Module '"lucide-react"' has no exported member 'Code'.
src/components/ResponsibilityTransfer.tsx(172,22): error TS18046: 'stats' is of type 'unknown'.
src/components/ResponsibilityTransfer.tsx(172,42): error TS18046: 'stats' is of type 'unknown'.
src/components/ResponsibilityTransfer.tsx(178,41): error TS18046: 'stats' is of type 'unknown'.
src/components/ResponsibilityTransfer.tsx(178,61): error TS18046: 'stats' is of type 'unknown'.
src/components/ShareReportModal.tsx(51,20): error TS2345: Argument of type '{ id: any; name: any; email: any; user_type: any; }[]' is not assignable to parameter of type 'SetStateAction<Doctor[]>'.
  Type '{ id: any; name: any; email: any; user_type: any; }[]' is not assignable to type 'Doctor[]'.
    Property 'type' is missing in type '{ id: any; name: any; email: any; user_type: any; }' but required in type 'Doctor'.
src/components/SlidePlayer.tsx(2,68): error TS2305: Module '"lucide-react"' has no exported member 'Pause'.
src/components/TestMonitoringDashboard.tsx(33,52): error TS2341: Property 'getPatientCount' is private and only accessible within class 'TestMonitoringSystem'.
src/components/UserTypeNavigation.tsx(9,3): error TS2305: Module '"lucide-react"' has no exported member 'FlaskConical'.
src/components/WearableMonitoring.tsx(5,3): error TS2305: Module '"lucide-react"' has no exported member 'Thermometer'.
src/components/WearableMonitoring.tsx(7,3): error TS2305: Module '"lucide-react"' has no exported member 'Wifi'.
src/components/WearableMonitoring.tsx(8,3): error TS2305: Module '"lucide-react"' has no exported member 'WifiOff'.
src/components/WearableMonitoring.tsx(9,3): error TS2305: Module '"lucide-react"' has no exported member 'Battery'.
src/components/WearableMonitoring.tsx(10,3): error TS2305: Module '"lucide-react"' has no exported member 'BatteryLow'.
src/components/WearableMonitoring.tsx(20,3): error TS2305: Module '"lucide-react"' has no exported member 'RefreshCw'.
src/contexts/NoaContext.tsx(3,25): error TS2724: '"../lib/noaResidentAI"' has no exported member named 'residentAIConfig'. Did you mean 'ResidentAIConfig'?
src/contexts/NoaContext.tsx(125,33): error TS2339: Property 'suggestions' does not exist on type 'AIResponse'.
src/contexts/RealtimeContext.tsx(98,11): error TS2367: This comparison appears to be unintentional because the types 'UserType' and '"patient"' have no overlap.
src/contexts/RealtimeContext.tsx(100,18): error TS2367: This comparison appears to be unintentional because the types 'UserType' and '"professional"' have no overlap.
src/lib/clinicalAssessmentFlow.ts(395,7): error TS2322: Type 'any' is not assignable to type 'never'.
src/lib/clinicalAssessmentFlow.ts(450,5): error TS2322: Type 'any' is not assignable to type 'never'.
src/lib/clinicalAssessmentService.ts(83,58): error TS18047: 'imreData' is possibly 'null'.
src/lib/clinicalAssessmentService.ts(84,14): error TS18047: 'imreData' is possibly 'null'.
src/lib/patientDashboardAPI.ts(35,32): error TS2339: Property 'env' does not exist on type 'ImportMeta'.
src/lib/patientDashboardAPI.ts(36,31): error TS2339: Property 'env' does not exist on type 'ImportMeta'.
src/lib/rotasIndividualizadas.ts(33,9): error TS2322: Type '() => Promise<React.FC<{}>>' is not assignable to type 'ComponentType<{}>'.
  Type '() => Promise<React.FC<{}>>' is not assignable to type 'FunctionComponent<{}>'.
    Type 'Promise<FC<{}>>' is not assignable to type 'ReactNode'.
src/lib/rotasIndividualizadas.ts(41,9): error TS2322: Type '() => Promise<React.FC<{}>>' is not assignable to type 'ComponentType<{}>'.
  Type '() => Promise<React.FC<{}>>' is not assignable to type 'FunctionComponent<{}>'.
    Type 'Promise<FC<{}>>' is not assignable to type 'ReactNode'.
src/lib/rotasIndividualizadas.ts(49,9): error TS2322: Type '() => Promise<React.FC<{}>>' is not assignable to type 'ComponentType<{}>'.
  Type '() => Promise<React.FC<{}>>' is not assignable to type 'FunctionComponent<{}>'.
    Type 'Promise<FC<{}>>' is not assignable to type 'ReactNode'.
src/lib/rotasIndividualizadas.ts(57,9): error TS2322: Type '() => Promise<React.FC<{}>>' is not assignable to type 'ComponentType<{}>'.
  Type '() => Promise<React.FC<{}>>' is not assignable to type 'FunctionComponent<{}>'.
    Type 'Promise<FC<{}>>' is not assignable to type 'ReactNode'.
src/lib/rotasIndividualizadas.ts(72,9): error TS2322: Type '() => Promise<React.FC<{}>>' is not assignable to type 'ComponentType<{}>'.
  Type '() => Promise<React.FC<{}>>' is not assignable to type 'FunctionComponent<{}>'.
    Type 'Promise<FC<{}>>' is not assignable to type 'ReactNode'.
src/lib/rotasIndividualizadas.ts(80,9): error TS2322: Type '() => Promise<React.FC<{}>>' is not assignable to type 'ComponentType<{}>'.
  Type '() => Promise<React.FC<{}>>' is not assignable to type 'FunctionComponent<{}>'.
    Type 'Promise<FC<{}>>' is not assignable to type 'ReactNode'.
src/lib/rotasIndividualizadas.ts(88,9): error TS2322: Type '() => Promise<React.FC<{}>>' is not assignable to type 'ComponentType<{}>'.
  Type '() => Promise<React.FC<{}>>' is not assignable to type 'FunctionComponent<{}>'.
    Type 'Promise<FC<{}>>' is not assignable to type 'ReactNode'.
src/lib/rotasIndividualizadas.ts(96,9): error TS2322: Type '() => Promise<React.FC<{}>>' is not assignable to type 'ComponentType<{}>'.
  Type '() => Promise<React.FC<{}>>' is not assignable to type 'FunctionComponent<{}>'.
    Type 'Promise<FC<{}>>' is not assignable to type 'ReactNode'.
src/lib/rotasIndividualizadas.ts(112,9): error TS2322: Type '() => Promise<React.FC<{}>>' is not assignable to type 'ComponentType<{}>'.
  Type '() => Promise<React.FC<{}>>' is not assignable to type 'FunctionComponent<{}>'.
    Type 'Promise<FC<{}>>' is not assignable to type 'ReactNode'.
src/lib/rotasIndividualizadas.ts(120,9): error TS2322: Type '() => Promise<any>' is not assignable to type 'ComponentType<{}>'.
  Type '() => Promise<any>' is not assignable to type 'FunctionComponent<{}>'.
    Type 'Promise<any>' is not assignable to type 'ReactNode'.
src/lib/rotasIndividualizadas.ts(120,75): error TS2339: Property 'default' does not exist on type 'typeof import("C:/Users/phpg6/Med-Cann-Lab-3.0-main/src/pages/LessonPreparation")'.
src/lib/rotasIndividualizadas.ts(128,9): error TS2322: Type '() => Promise<React.FC<{}>>' is not assignable to type 'ComponentType<{}>'.
  Type '() => Promise<React.FC<{}>>' is not assignable to type 'FunctionComponent<{}>'.
    Type 'Promise<FC<{}>>' is not assignable to type 'ReactNode'.
src/lib/rotasIndividualizadas.ts(136,9): error TS2322: Type '() => Promise<React.FC<{}>>' is not assignable to type 'ComponentType<{}>'.
  Type '() => Promise<React.FC<{}>>' is not assignable to type 'FunctionComponent<{}>'.
    Type 'Promise<FC<{}>>' is not assignable to type 'ReactNode'.
src/lib/rotasIndividualizadas.ts(151,9): error TS2322: Type '() => Promise<React.FC<{}>>' is not assignable to type 'ComponentType<{}>'.
  Type '() => Promise<React.FC<{}>>' is not assignable to type 'FunctionComponent<{}>'.
    Type 'Promise<FC<{}>>' is not assignable to type 'ReactNode'.
src/lib/rotasIndividualizadas.ts(159,9): error TS2322: Type '() => Promise<React.FC<{}>>' is not assignable to type 'ComponentType<{}>'.
  Type '() => Promise<React.FC<{}>>' is not assignable to type 'FunctionComponent<{}>'.
    Type 'Promise<FC<{}>>' is not assignable to type 'ReactNode'.
src/lib/rotasIndividualizadas.ts(167,9): error TS2322: Type '() => Promise<React.FC<{}>>' is not assignable to type 'ComponentType<{}>'.
  Type '() => Promise<React.FC<{}>>' is not assignable to type 'FunctionComponent<{}>'.
    Type 'Promise<FC<{}>>' is not assignable to type 'ReactNode'.
src/lib/rotasIndividualizadas.ts(175,9): error TS2322: Type '() => Promise<React.FC<{}>>' is not assignable to type 'ComponentType<{}>'.
  Type '() => Promise<React.FC<{}>>' is not assignable to type 'FunctionComponent<{}>'.
    Type 'Promise<FC<{}>>' is not assignable to type 'ReactNode'.
src/lib/rotasIndividualizadas.ts(191,9): error TS2322: Type '() => Promise<React.FC<{}>>' is not assignable to type 'ComponentType<{}>'.
  Type '() => Promise<React.FC<{}>>' is not assignable to type 'FunctionComponent<{}>'.
    Type 'Promise<FC<{}>>' is not assignable to type 'ReactNode'.
src/lib/rotasIndividualizadas.ts(199,9): error TS2322: Type '() => Promise<React.FC<{}>>' is not assignable to type 'ComponentType<{}>'.
  Type '() => Promise<React.FC<{}>>' is not assignable to type 'FunctionComponent<{}>'.
    Type 'Promise<FC<{}>>' is not assignable to type 'ReactNode'.
src/lib/rotasIndividualizadas.ts(214,9): error TS2322: Type '() => Promise<React.FC<{}>>' is not assignable to type 'ComponentType<{}>'.
  Type '() => Promise<React.FC<{}>>' is not assignable to type 'FunctionComponent<{}>'.
    Type 'Promise<FC<{}>>' is not assignable to type 'ReactNode'.
src/lib/rotasIndividualizadas.ts(222,9): error TS2322: Type '() => Promise<React.FC<{}>>' is not assignable to type 'ComponentType<{}>'.
  Type '() => Promise<React.FC<{}>>' is not assignable to type 'FunctionComponent<{}>'.
    Type 'Promise<FC<{}>>' is not assignable to type 'ReactNode'.
src/lib/supabase.ts(5,33): error TS2339: Property 'env' does not exist on type 'ImportMeta'.
src/lib/supabase.ts(6,37): error TS2339: Property 'env' does not exist on type 'ImportMeta'.
src/lib/testMonitoringSystem.ts(131,47): error TS2532: Object is possibly 'undefined'.
src/pages/AdminSettings.tsx(17,3): error TS2305: Module '"lucide-react"' has no exported member 'Save'.
src/pages/AdminSettings.tsx(18,3): error TS2305: Module '"lucide-react"' has no exported member 'RefreshCw'.
src/pages/AdminSettings.tsx(20,3): error TS2305: Module '"lucide-react"' has no exported member 'Server'.
src/pages/CidadeAmigaDosRins.tsx(6,15): error TS2300: Duplicate identifier 'DollarSign'.
src/pages/CidadeAmigaDosRins.tsx(7,15): error TS2300: Duplicate identifier 'CreditCard'.
src/pages/CidadeAmigaDosRins.tsx(8,15): error TS2300: Duplicate identifier 'Wallet'.
src/pages/CidadeAmigaDosRins.tsx(9,15): error TS2300: Duplicate identifier 'Gift'.
src/pages/CidadeAmigaDosRins.tsx(10,15): error TS2300: Duplicate identifier 'FlaskConical'.
src/pages/CidadeAmigaDosRins.tsx(11,15): error TS2300: Duplicate identifier 'Sparkles'.
src/pages/CidadeAmigaDosRins.tsx(12,15): error TS2300: Duplicate identifier 'Clipboard'.
src/pages/CidadeAmigaDosRins.tsx(13,20): error TS2300: Duplicate identifier 'MessageSquarePlus'.
src/pages/CidadeAmigaDosRins.tsx(14,15): error TS2300: Duplicate identifier 'Layers'.
src/pages/CidadeAmigaDosRins.tsx(23,15): error TS2300: Duplicate identifier 'DollarSign'.
src/pages/CidadeAmigaDosRins.tsx(24,15): error TS2300: Duplicate identifier 'CreditCard'.
src/pages/CidadeAmigaDosRins.tsx(25,15): error TS2300: Duplicate identifier 'Wallet'.
src/pages/CidadeAmigaDosRins.tsx(26,15): error TS2300: Duplicate identifier 'Gift'.
src/pages/CidadeAmigaDosRins.tsx(34,15): error TS2300: Duplicate identifier 'FlaskConical'.
src/pages/CidadeAmigaDosRins.tsx(35,15): error TS2300: Duplicate identifier 'Sparkles'.
src/pages/CidadeAmigaDosRins.tsx(44,15): error TS2300: Duplicate identifier 'Clipboard'.
src/pages/CidadeAmigaDosRins.tsx(45,20): error TS2300: Duplicate identifier 'MessageSquarePlus'.
src/pages/CidadeAmigaDosRins.tsx(46,15): error TS2300: Duplicate identifier 'Layers'.
src/pages/CidadeAmigaDosRins.tsx(493,18): error TS2552: Cannot find name 'ClipboardList'. Did you mean 'Clipboard'?
src/pages/CidadeAmigaDosRins.tsx(628,24): error TS2552: Cannot find name 'ClipboardList'. Did you mean 'Clipboard'?
src/pages/ClinicaDashboard.tsx(25,3): error TS2305: Module '"lucide-react"' has no exported member 'FlaskConical'.
src/pages/CursoEduardoFaveret.tsx(15,3): error TS2305: Module '"lucide-react"' has no exported member 'Save'.
src/pages/Dashboard.tsx(39,9): error TS2367: This comparison appears to be unintentional because the types 'UserType' and '"patient"' have no overlap.
src/pages/Dashboard.tsx(62,7): error TS2367: This comparison appears to be unintentional because the types 'UserType | undefined' and '"patient"' have no overlap.
src/pages/Dashboard.tsx(88,12): error TS2678: Type '"patient"' is not comparable to type 'UserType'.
src/pages/Dashboard.tsx(91,12): error TS2678: Type '"professional"' is not comparable to type 'UserType'.
src/pages/DRCMonitoringSchedule.tsx(13,3): error TS2305: Module '"lucide-react"' has no exported member 'Info'.
src/pages/DRCMonitoringSchedule.tsx(15,3): error TS2305: Module '"lucide-react"' has no exported member 'Droplet'.
src/pages/DRCMonitoringSchedule.tsx(17,3): error TS2305: Module '"lucide-react"' has no exported member 'Pill'.
src/pages/JardinsDeCura.tsx(3,101): error TS2305: Module '"lucide-react"' has no exported member 'Sparkles'.
src/pages/Landing.tsx(153,9): error TS2554: Expected 4 arguments, but got 7.
src/pages/Landing.tsx(158,23): error TS2345: Argument of type '{ name: string; email: string; password: string; confirmPassword: string; userType: "profissional"; }' is not assignable to parameter of type 'SetStateAction<{ name: string; email: string; password: string; confirmPassword: string; userType: "aluno" | "profissional" | "paciente" | "admin" | "student" | "professional" | "patient"; councilType: "" | ... 4 more ... | "CRO"; councilNumber: string; councilState: string; }>'.
  Type '{ name: string; email: string; password: string; confirmPassword: string; userType: "profissional"; }' is missing the following properties from type '{ name: string; email: string; password: string; confirmPassword: string; userType: "aluno" | "profissional" | "paciente" | "admin" | "student" | "professional" | "patient"; councilType: "" | ... 4 more ... | "CRO"; councilNumber: string; councilState: string; }': councilType, councilNumber, councilState
src/pages/LessonPreparation.tsx(7,58): error TS2305: Module '"lucide-react"' has no exported member 'Presentation'.
src/pages/LessonPreparation.tsx(8,9): error TS2305: Module '"lucide-react"' has no exported member 'Save'.
src/pages/LessonPreparation.tsx(8,22): error TS2305: Module '"lucide-react"' has no exported member 'Book'.
src/pages/LessonPreparation.tsx(9,3): error TS2305: Module '"lucide-react"' has no exported member 'RotateCcw'.
src/pages/LessonPreparation.tsx(9,14): error TS2305: Module '"lucide-react"' has no exported member 'HelpCircle'.
src/pages/LessonPreparation.tsx(9,55): error TS2305: Module '"lucide-react"' has no exported member 'File'.
src/pages/LessonPreparation.tsx(10,3): error TS2305: Module '"lucide-react"' has no exported member 'Layout'.
src/pages/LessonPreparation.tsx(10,11): error TS2305: Module '"lucide-react"' has no exported member 'Type'.
src/pages/LessonPreparation.tsx(10,17): error TS2305: Module '"lucide-react"' has no exported member 'Sparkles'.
src/pages/LessonPreparation.tsx(1563,54): error TS7006: Parameter 'option' implicitly has an 'any' type.
src/pages/LessonPreparation.tsx(1563,62): error TS7006: Parameter 'oIndex' implicitly has an 'any' type.
src/pages/Login.tsx(90,11): error TS2554: Expected 4 arguments, but got 7.
src/pages/MedCannLab.tsx(5,3): error TS2305: Module '"lucide-react"' has no exported member 'FlaskConical'.
src/pages/MedCannLab.tsx(21,3): error TS2305: Module '"lucide-react"' has no exported member 'Sparkles'.
src/pages/MedCannLab.tsx(29,3): error TS2305: Module '"lucide-react"' has no exported member 'Cpu'.
src/pages/MedCannLab.tsx(31,3): error TS2305: Module '"lucide-react"' has no exported member 'DollarSign'.
src/pages/MedCannLab.tsx(32,3): error TS2305: Module '"lucide-react"' has no exported member 'Gift'.
src/pages/MedCannLab.tsx(33,3): error TS2305: Module '"lucide-react"' has no exported member 'Clipboard'.
src/pages/MedCannLab.tsx(34,3): error TS2724: '"lucide-react"' has no exported member named 'MessageSquarePlus'. Did you mean 'MessageSquare'?
src/pages/MedCannLab.tsx(615,20): error TS2304: Cannot find name 'GraduationCap'.
src/pages/MedCannLabStructure.tsx(5,3): error TS2305: Module '"lucide-react"' has no exported member 'FlaskConical'.
src/pages/NewsManagement.tsx(3,41): error TS2305: Module '"lucide-react"' has no exported member 'Save'.
src/pages/NewsManagement.tsx(3,65): error TS2305: Module '"lucide-react"' has no exported member 'Tag'.
src/pages/PatientDoctorChat.tsx(171,66): error TS2367: This comparison appears to be unintentional because the types '"aluno" | "paciente"' and '"professional"' have no overlap.
src/pages/PatientDoctorChat.tsx(280,64): error TS18047: 'participantRows' is possibly 'null'.
src/pages/Patients.tsx(229,56): error TS7006: Parameter 'n' implicitly has an 'any' type.
src/pages/PaymentCheckout.tsx(4,10): error TS2305: Module '"lucide-react"' has no exported member 'QrCode'.
src/pages/PaymentCheckout.tsx(4,18): error TS2305: Module '"lucide-react"' has no exported member 'CreditCard'.
src/pages/PaymentCheckout.tsx(4,30): error TS2305: Module '"lucide-react"' has no exported member 'Barcode'.
src/pages/PaymentCheckout.tsx(65,27): error TS2538: Type 'null' cannot be used as an index type.
src/pages/PaymentCheckout.tsx(298,15): error TS2322: Type 'string | boolean' is not assignable to type 'boolean | undefined'.
  Type 'string' is not assignable to type 'boolean | undefined'.
src/pages/Prescriptions.tsx(17,3): error TS2305: Module '"lucide-react"' has no exported member 'Pill'.
src/pages/Prescriptions.tsx(18,3): error TS2305: Module '"lucide-react"' has no exported member 'FileCheck'.
src/pages/Prescriptions.tsx(20,3): error TS2305: Module '"lucide-react"' has no exported member 'QrCode'.
src/pages/ProfessionalChat.tsx(7,6): error TS2559: Type '{ children: Element; }' has no properties in common with type 'IntrinsicAttributes'.
src/pages/ProfessionalDashboard.tsx(53,54): error TS2304: Cannot find name 'useUserView'.
src/pages/ProfessionalDashboard.tsx(63,23): error TS2304: Cannot find name 'isAdmin'.
src/pages/ProfessionalDashboard.tsx(77,35): error TS2552: Cannot find name 'getAllPatients'. Did you mean 'allPatients'?
src/pages/ProfessionalDashboard.tsx(414,78): error TS2339: Property 'user_metadata' does not exist on type 'User'.
src/pages/ProfessionalScheduling.tsx(764,47): error TS7006: Parameter 'specialty' implicitly has an 'any' type.
src/pages/ProfessionalScheduling.tsx(785,46): error TS7006: Parameter 'slot' implicitly has an 'any' type.
src/pages/Profile.tsx(285,22): error TS2367: This comparison appears to be unintentional because the types '"aluno" | "profissional" | "paciente" | undefined' and '"professional"' have no overlap.
src/pages/Profile.tsx(286,22): error TS2367: This comparison appears to be unintentional because the types '"aluno" | "profissional" | "paciente" | undefined' and '"patient"' have no overlap.
src/pages/Profile.tsx(287,22): error TS2367: This comparison appears to be unintentional because the types '"aluno" | "profissional" | "paciente" | undefined' and '"student"' have no overlap.
src/pages/Profile.tsx(483,20): error TS2367: This comparison appears to be unintentional because the types '"aluno" | "profissional" | "paciente" | undefined' and '"professional"' have no overlap.
src/pages/Profile.tsx(484,20): error TS2367: This comparison appears to be unintentional because the types '"aluno" | "profissional" | "paciente" | undefined' and '"patient"' have no overlap.
src/pages/Profile.tsx(485,20): error TS2367: This comparison appears to be unintentional because the types '"aluno" | "profissional" | "paciente" | undefined' and '"student"' have no overlap.
src/pages/Reports.tsx(16,9): error TS2367: This comparison appears to be unintentional because the types 'UserType | undefined' and '"patient"' have no overlap.
src/pages/Reports.tsx(22,7): error TS2367: This comparison appears to be unintentional because the types 'UserType | undefined' and '"patient"' have no overlap.
src/pages/RicardoValencaDashboard.tsx(29,3): error TS2305: Module '"lucide-react"' has no exported member 'Layout'.
src/pages/RicardoValencaDashboard.tsx(35,3): error TS2305: Module '"lucide-react"' has no exported member 'Clipboard'.
src/pages/StudyArea.tsx(6,3): error TS2305: Module '"lucide-react"' has no exported member 'Pause'.
src/pages/StudyArea.tsx(13,3): error TS2305: Module '"lucide-react"' has no exported member 'Bookmark'.
src/pages/StudyArea.tsx(26,3): error TS2305: Module '"lucide-react"' has no exported member 'Headphones'.
src/pages/StudyArea.tsx(28,3): error TS2305: Module '"lucide-react"' has no exported member 'Camera'.
src/pages/StudyArea.tsx(29,3): error TS2305: Module '"lucide-react"' has no exported member 'Monitor'.
src/pages/StudyArea.tsx(30,3): error TS2305: Module '"lucide-react"' has no exported member 'Smartphone'.
src/pages/StudyArea.tsx(31,3): error TS2305: Module '"lucide-react"' has no exported member 'Tablet'.
src/scripts/analyze-db.ts(53,45): error TS18046: 'e' is of type 'unknown'.
src/services/knowledgeBaseIntegration.ts(218,51): error TS7006: Parameter 'kw' implicitly has an 'any' type.
src/services/knowledgeBaseIntegration.ts(224,43): error TS7006: Parameter 'tag' implicitly has an 'any' type.
src/services/knowledgeBaseIntegration.ts(274,25): error TS18046: 'b.count' is of type 'unknown'.
src/services/knowledgeBaseIntegration.ts(274,35): error TS18046: 'a.count' is of type 'unknown'.
src/services/knowledgeBaseIntegration.ts(285,25): error TS18046: 'b.count' is of type 'unknown'.
src/services/knowledgeBaseIntegration.ts(285,35): error TS18046: 'a.count' is of type 'unknown'.
src/services/knowledgeBaseIntegration.ts(297,9): error TS2322: Type '{ category: string; count: unknown; }[]' is not assignable to type '{ category: string; count: number; }[]'.
  Type '{ category: string; count: unknown; }' is not assignable to type '{ category: string; count: number; }'.
    Types of property 'count' are incompatible.
      Type 'unknown' is not assignable to type 'number'.
src/services/knowledgeBaseIntegration.ts(298,9): error TS2322: Type '{ author: string; count: unknown; }[]' is not assignable to type '{ author: string; count: number; }[]'.
  Type '{ author: string; count: unknown; }' is not assignable to type '{ author: string; count: number; }'.
    Types of property 'count' are incompatible.
      Type 'unknown' is not assignable to type 'number'.
src/services/knowledgeBaseIntegration.ts(398,31): error TS2339: Property 'raw' does not exist on type 'SupabaseClient<any, "public", "public", any, any>'.
src/services/knowledgeBaseIntegration.ts(454,31): error TS7006: Parameter 'k' implicitly has an 'any' type.
src/services/knowledgeBaseIntegration.ts(455,27): error TS7006: Parameter 't' implicitly has an 'any' type.
src/services/rationalityAnalysisService.ts(110,9): error TS2554: Expected 1-3 arguments, but got 4.
src/services/semanticSearch.ts(201,45): error TS7006: Parameter 'k' implicitly has an 'any' type.
src/services/semanticSearch.ts(207,37): error TS7006: Parameter 't' implicitly has an 'any' type.
