src/components/ClinicalReports.tsx(289,11): error TS2322: Type '{ biomedical?: any; traditionalChinese?: any; ayurvedic?: any; homeopathic?: any; integrative?: any; }' is not assignable to type '{ biomedical: any; traditionalChinese: any; ayurvedic: any; homeopathic: any; integrative: any; }'.
  Property 'biomedical' is optional in type '{ biomedical?: any; traditionalChinese?: any; ayurvedic?: any; homeopathic?: any; integrative?: any; }' but required in type '{ biomedical: any; traditionalChinese: any; ayurvedic: any; homeopathic: any; integrative: any; }'.
src/pages/ProfessionalDashboard.tsx(161,26): error TS2304: Cannot find name 'Activity'.
